---
source: tui/src/bottom_pane/status_line_setup.rs
expression: "render_lines(&view, 32)"
---
                                
  配 置 状 态 栏                     
  选 择 要 显 示 在 状 态 栏 中 的 项 目 。   
                                
  Type to search                
  >                             
› [x] 使 用 主 题 颜 色    应 用 当 前 …  
  ───────────────────────       
  [x] model          Current …  
  [x] current-dir    Current …  
  [x] git-branch     Current …  
  [ ] model-with-re… Current …  
  [ ] reasoning      Current …  
  [ ] project-name   Project …  
                                
  gpt-5.2-codex · ~/my-projec…  
  Press space to toggle; ←/→ to
